0022,null
0025,20-5*7=
